test/e2e/semant/assignnoconform.cl:4: Type A of assigned expression does not conform to declared type B of identifier b.
Compilation halted due to static semantic errors.
