test/e2e/semant/badwhilebody.cl:5: Dispatch to undefined method length.
Compilation halted due to static semantic errors.
