#1
_program
  #1
  _class
    Main
    Object
    "test/e2e/semant/expressionblock.cl"
    (
    #1
    _method
      main
      Int
      #1
      _int
        0
      : Int
    )
  #3
  _class
    A
    Object
    "test/e2e/semant/expressionblock.cl"
    (
    #4
    _method
      foo
      Int
      #4
      _block
        #4
        _object
          self
        : SELF_TYPE
        #4
        _string
          "hello"
        : String
        #4
        _bool
          1
        : Bool
        #4
        _int
          1
        : Int
      : Int
    )
