#1
_program
  #1
  _class
    A
    B
    "test/e2e/semant/forwardinherits.cl"
    (
    #3
    _attr
      foo
      Int
      #0
      _no_expr
      : _no_type
    )
  #7
  _class
    B
    Object
    "test/e2e/semant/forwardinherits.cl"
    (
    #9
    _attr
      bar
      Int
      #0
      _no_expr
      : _no_type
    )
  #12
  _class
    Main
    Object
    "test/e2e/semant/forwardinherits.cl"
    (
    #12
    _method
      main
      Int
      #12
      _int
        6
      : Int
    )
