test/e2e/semant/lubtest.cl:18: Inferred return type Z of method h does not conform to declared return type B.
Compilation halted due to static semantic errors.
