#1
_program
  #1
  _class
    Main
    Object
    "test/e2e/semant/overriderenamearg.cl"
    (
    #1
    _method
      main
      Int
      #1
      _int
        0
      : Int
    )
  #3
  _class
    D
    Object
    "test/e2e/semant/overriderenamearg.cl"
    (
    #4
    _method
      inky
      #4
      _formal
        b
        Int
      Object
      #4
      _int
        1
      : Int
    )
  #7
  _class
    E
    D
    "test/e2e/semant/overriderenamearg.cl"
    (
    #8
    _method
      inky
      #8
      _formal
        c
        Int
      Object
      #8
      _int
        1
      : Int
    )
