#1
_program
  #1
  _class
    Main
    Object
    "test/e2e/semant/overridingmethod3.cl"
    (
    #1
    _method
      main
      Int
      #1
      _int
        0
      : Int
    )
  #3
  _class
    A
    Object
    "test/e2e/semant/overridingmethod3.cl"
    (
    #4
    _method
      inky
      SELF_TYPE
      #4
      _object
        self
      : SELF_TYPE
    )
  #7
  _class
    B
    A
    "test/e2e/semant/overridingmethod3.cl"
    (
    #8
    _method
      inky
      SELF_TYPE
      #8
      _new
        SELF_TYPE
      : SELF_TYPE
    )
