test/e2e/semant/redefinedclass.cl:8: Class A was previously defined.
Compilation halted due to static semantic errors.
