#name "test/e2e/lexer/escaped_chars_in_comment.cl"
#7 OBJECTID mno
