#name "test/e2e/lexer/lineno2.cl"
#5 ERROR "!"
#6 OBJECTID fjdk
#7 STR_CONST ""
