#name "test/e2e/lexer/null_in_string.cl"
#2 ERROR "String contains null character."
