#name "test/e2e/lexer/opencomment.cl"
#4 ERROR "EOF in comment"
