#name "test/e2e/lexer/s04.test.cl"
#2 INT_CONST 0
#4 INT_CONST 1
#6 INT_CONST 2
#8 INT_CONST 3
#10 INT_CONST 4
#12 INT_CONST 5
