#name "test/e2e/lexer/s14.test.cl"
#1 OBJECTID token
#1 OBJECTID token2
