#name "test/e2e/lexer/s32.test.cl"
#2 ERROR "Unmatched *)"
