#name "test/e2e/lexer/s33.test.cl"
#3 OBJECTID before_the_comment
#8 ERROR "EOF in comment"
