#name "test/e2e/lexer/weirdcharcomment.cl"
#3 OBJECTID test
