#name "./test/integration/tests/s14.test.cl"
#1 OBJECTID token
#1 OBJECTID token2
