#name "./test/integration/tests/stringwithescapes.cl"
#57 STR_CONST "1234567890\n1234567890\n1234567890\n1234567890\n1234567890\n1234567890\n1234567890\n1234567890\n1234567890\n1234567890\n1234567890\n1234567890\n1234567890\n1234567890\n1234567890\n1234567890\n1234567890\n1234567890\n1234567890\n1234567890\n1234567890\n1234567890\n1234567890\n1234567890\n1234567890\n1234567890\n1234567890\n1234567890\n1234567890\n1234567890\n1234567890\n1234567890\n1234567890\n1234567890\n1234567890\n1234567890\n1234567890\n1234567890\n1234567890\n1234567890\n1234567890\n1234567890\n1234567890\n1234567890\n1234567890\n1234567890\n1234567890\n1234567890\n1234567890\n1234567890\n1234567890\n1234567890\n1234567890\n1234567890\n"
#58 INT_CONST 42
