#name "./test/integration/tests/wq0607-c1.cl"
#4 STR_CONST "--"
