#1
_program
  #1
  _class
    Foo
    Object
    "test/e2e/parser/addedlet.cl"
    (
    #2
    _method
      bar
      Int
      #2
      _let
        a
        Int
        #0
        _no_expr
        : _no_type
        #2
        _plus
          #2
          _object
            a
          : _no_type
          #2
          _let
            b
            String
            #0
            _no_expr
            : _no_type
            #2
            _object
              b
            : _no_type
          : _no_type
        : _no_type
      : _no_type
    )
