"test/e2e/parser/badblock.cl", line 4: syntax error at or near TYPEID = A
"test/e2e/parser/badblock.cl", line 6: syntax error at or near '+'
Compilation halted due to lex and parse errors
