"test/e2e/parser/badexprlist.cl", line 2: syntax error at or near '}'
"test/e2e/parser/badexprlist.cl", line 3: syntax error at or near ':'
Compilation halted due to lex and parse errors
