"test/e2e/parser/badfeatures.cl", line 1: syntax error at or near OBJECTID = clss
"test/e2e/parser/badfeatures.cl", line 5: syntax error at or near OBJECTID = int
"test/e2e/parser/badfeatures.cl", line 7: syntax error at or near ';'
"test/e2e/parser/badfeatures.cl", line 9: syntax error at or near OBJECTID = y
Compilation halted due to lex and parse errors
