#1
_program
  #1
  _class
    Test
    Object
    "test/e2e/parser/comparisons-assoc.cl"
    (
    #2
    _attr
      foo
      Test
      #0
      _no_expr
      : _no_type
    #3
    _method
      bar
      Int
      #3
      _block
        #3
        _eq
          #3
          _object
            x
          : _no_type
          #3
          _lt
            #3
            _int
              3
            : _no_type
            #3
            _int
              4
            : _no_type
          : _no_type
        : _no_type
      : _no_type
    )
