#1
_program
  #1
  _class
    Test
    Object
    "test/e2e/parser/dispatchnoargs.cl"
    (
    #2
    _attr
      foo
      Test
      #0
      _no_expr
      : _no_type
    #3
    _method
      bar
      Object
      #3
      _dispatch
        #3
        _object
          foo
        : _no_type
        bar
        (
        )
      : _no_type
    )
