"test/e2e/parser/emptystaticdispatch.cl", line 3: syntax error at or near '.'
Compilation halted due to lex and parse errors
