"test/e2e/parser/lteassociativity.cl", line 3: syntax error at or near LE
Compilation halted due to lex and parse errors
