"test/e2e/parser/newbadtype.cl", line 7: syntax error at or near OBJECTID = a
Compilation halted due to lex and parse errors
